../Src/CortexM/CortexM4_Core_SYSTICK.c:12:8:Systick_Init	24	static
../Src/CortexM/CortexM4_Core_SYSTICK.c:35:6:Systick_DeInit	4	static
../Src/CortexM/CortexM4_Core_SYSTICK.c:42:6:Systick_WaitBlocking	16	static
../Src/CortexM/CortexM4_Core_SYSTICK.c:51:6:Systick_SingleInterval	16	static
../Src/CortexM/CortexM4_Core_SYSTICK.c:64:6:Systick_PeriodicInterval	16	static
../Src/CortexM/CortexM4_Core_SYSTICK.c:77:9:Systick_GetRemainingTicks	16	static
../Src/CortexM/CortexM4_Core_SYSTICK.c:84:9:Systick_GetElapsedTicks	16	static
../Src/CortexM/CortexM4_Core_SYSTICK.c:90:6:SysTick_Handler	8	static
